kotlin version: 2.0.21
error message: org.jetbrains.kotlin.codegen.CompilationException: Back-end (JVM) Internal error: Couldn't transform method node:
loadSettings ()Lcom/hieltech/haramblur/data/AppSettings;:
    TRYCATCHBLOCK L0 L1 L2 java/lang/IllegalArgumentException
    TRYCATCHBLOCK L3 L4 L5 java/lang/IllegalArgumentException
    TRYCATCHBLOCK L6 L7 L8 java/lang/IllegalArgumentException
   L9
    LINENUMBER 38 L9
    NEW com/hieltech/haramblur/data/AppSettings
    DUP
    ACONST_NULL
   L10
    LINENUMBER 40 L10
    ALOAD 0
    GETFIELD com/hieltech/haramblur/data/SettingsRepository.prefs : Landroid/content/SharedPreferences;
    LDC "enable_face_detection"
    NOP
    ICONST_1
    INVOKEINTERFACE android/content/SharedPreferences.getBoolean (Ljava/lang/String;Z)Z (itf)
   L11
    LINENUMBER 41 L11
    ALOAD 0
    GETFIELD com/hieltech/haramblur/data/SettingsRepository.prefs : Landroid/content/SharedPreferences;
    LDC "enable_nsfw_detection"
    NOP
    ICONST_1
    INVOKEINTERFACE android/content/SharedPreferences.getBoolean (Ljava/lang/String;Z)Z (itf)
   L12
    LINENUMBER 42 L12
    ALOAD 0
    GETFIELD com/hieltech/haramblur/data/SettingsRepository.prefs : Landroid/content/SharedPreferences;
    LDC "blur_male_faces"
    NOP
    ICONST_1
    INVOKEINTERFACE android/content/SharedPreferences.getBoolean (Ljava/lang/String;Z)Z (itf)
   L13
    LINENUMBER 43 L13
    ALOAD 0
    GETFIELD com/hieltech/haramblur/data/SettingsRepository.prefs : Landroid/content/SharedPreferences;
    LDC "blur_female_faces"
    NOP
    ICONST_1
    INVOKEINTERFACE android/content/SharedPreferences.getBoolean (Ljava/lang/String;Z)Z (itf)
   L14
    LINENUMBER 44 L14
    ALOAD 0
    GETFIELD com/hieltech/haramblur/data/SettingsRepository.prefs : Landroid/content/SharedPreferences;
    LDC "detection_sensitivity"
    LDC 0.5
    INVOKEINTERFACE android/content/SharedPreferences.getFloat (Ljava/lang/String;F)F (itf)
   L15
    LINENUMBER 47 L15
    ALOAD 0
    GETFIELD com/hieltech/haramblur/data/SettingsRepository.prefs : Landroid/content/SharedPreferences;
    LDC "blur_intensity"
    LDC "MEDIUM"
    INVOKEINTERFACE android/content/SharedPreferences.getString (Ljava/lang/String;Ljava/lang/String;)Ljava/lang/String; (itf)
    DUP
    INVOKESTATIC kotlin/jvm/internal/Intrinsics.checkNotNull (Ljava/lang/Object;)V
    INVOKESTATIC com/hieltech/haramblur/data/BlurIntensity.valueOf (Ljava/lang/String;)Lcom/hieltech/haramblur/data/BlurIntensity;
   L16
    LINENUMBER 48 L16
    ALOAD 0
    GETFIELD com/hieltech/haramblur/data/SettingsRepository.prefs : Landroid/content/SharedPreferences;
    LDC "blur_style"
    LDC "PIXELATED"
    INVOKEINTERFACE android/content/SharedPreferences.getString (Ljava/lang/String;Ljava/lang/String;)Ljava/lang/String; (itf)
    DUP
    INVOKESTATIC kotlin/jvm/internal/Intrinsics.checkNotNull (Ljava/lang/Object;)V
    INVOKESTATIC com/hieltech/haramblur/data/BlurStyle.valueOf (Ljava/lang/String;)Lcom/hieltech/haramblur/data/BlurStyle;
   L17
    LINENUMBER 49 L17
    ALOAD 0
    GETFIELD com/hieltech/haramblur/data/SettingsRepository.prefs : Landroid/content/SharedPreferences;
    LDC "expand_blur_area"
    BIPUSH 30
    INVOKEINTERFACE android/content/SharedPreferences.getInt (Ljava/lang/String;I)I (itf)
   L18
    LINENUMBER 52 L18
    ALOAD 0
    GETFIELD com/hieltech/haramblur/data/SettingsRepository.prefs : Landroid/content/SharedPreferences;
    LDC "processing_speed"
    LDC "BALANCED"
    INVOKEINTERFACE android/content/SharedPreferences.getString (Ljava/lang/String;Ljava/lang/String;)Ljava/lang/String; (itf)
    DUP
    INVOKESTATIC kotlin/jvm/internal/Intrinsics.checkNotNull (Ljava/lang/Object;)V
    INVOKESTATIC com/hieltech/haramblur/data/ProcessingSpeed.valueOf (Ljava/lang/String;)Lcom/hieltech/haramblur/data/ProcessingSpeed;
   L19
    LINENUMBER 53 L19
    ALOAD 0
    GETFIELD com/hieltech/haramblur/data/SettingsRepository.prefs : Landroid/content/SharedPreferences;
    LDC "enable_realtime_processing"
    NOP
    ICONST_1
    INVOKEINTERFACE android/content/SharedPreferences.getBoolean (Ljava/lang/String;Z)Z (itf)
   L20
    LINENUMBER 54 L20
    ALOAD 0
    GETFIELD com/hieltech/haramblur/data/SettingsRepository.prefs : Landroid/content/SharedPreferences;
    LDC "pause_in_apps"
    INVOKESTATIC kotlin/collections/SetsKt.emptySet ()Ljava/util/Set;
    INVOKEINTERFACE android/content/SharedPreferences.getStringSet (Ljava/lang/String;Ljava/util/Set;)Ljava/util/Set; (itf)
    ASTORE 1
   L21
    ALOAD 1
    IFNULL L22
    ALOAD 1
    GOTO L23
   L22
    NOP
    INVOKESTATIC kotlin/collections/SetsKt.emptySet ()Ljava/util/Set;
   L23
    LINENUMBER 57 L23
    ALOAD 0
    GETFIELD com/hieltech/haramblur/data/SettingsRepository.prefs : Landroid/content/SharedPreferences;
    LDC "enable_fullscreen_nsfw_blur"
    NOP
    ICONST_1
    INVOKEINTERFACE android/content/SharedPreferences.getBoolean (Ljava/lang/String;Z)Z (itf)
   L24
    LINENUMBER 58 L24
    ALOAD 0
    GETFIELD com/hieltech/haramblur/data/SettingsRepository.prefs : Landroid/content/SharedPreferences;
    LDC "show_blur_borders"
    NOP
    ICONST_1
    INVOKEINTERFACE android/content/SharedPreferences.getBoolean (Ljava/lang/String;Z)Z (itf)
   L25
    LINENUMBER 59 L25
    ALOAD 0
    GETFIELD com/hieltech/haramblur/data/SettingsRepository.prefs : Landroid/content/SharedPreferences;
    LDC "enable_hover_reveal"
    NOP
    ICONST_0
    INVOKEINTERFACE android/content/SharedPreferences.getBoolean (Ljava/lang/String;Z)Z (itf)
   L26
    LINENUMBER 63 L26
    ALOAD 0
    GETFIELD com/hieltech/haramblur/data/SettingsRepository.prefs : Landroid/content/SharedPreferences;
    LDC "gender_detection_accuracy"
    LDC "HIGH"
    INVOKEINTERFACE android/content/SharedPreferences.getString (Ljava/lang/String;Ljava/lang/String;)Ljava/lang/String; (itf)
    DUP
    INVOKESTATIC kotlin/jvm/internal/Intrinsics.checkNotNull (Ljava/lang/Object;)V
   L27
    LINENUMBER 62 L27
    INVOKESTATIC com/hieltech/haramblur/data/GenderAccuracy.valueOf (Ljava/lang/String;)Lcom/hieltech/haramblur/data/GenderAccuracy;
   L28
    LINENUMBER 65 L28
    ALOAD 0
    GETFIELD com/hieltech/haramblur/data/SettingsRepository.prefs : Landroid/content/SharedPreferences;
    LDC "is_service_paused"
    NOP
    ICONST_0
    INVOKEINTERFACE android/content/SharedPreferences.getBoolean (Ljava/lang/String;Z)Z (itf)
   L29
    LINENUMBER 66 L29
    ALOAD 0
    GETFIELD com/hieltech/haramblur/data/SettingsRepository.prefs : Landroid/content/SharedPreferences;
    LDC "content_density_threshold"
    LDC 0.4
    INVOKEINTERFACE android/content/SharedPreferences.getFloat (Ljava/lang/String;F)F (itf)
   L30
    LINENUMBER 67 L30
    ALOAD 0
    GETFIELD com/hieltech/haramblur/data/SettingsRepository.prefs : Landroid/content/SharedPreferences;
    LDC "mandatory_reflection_time"
    BIPUSH 15
    INVOKEINTERFACE android/content/SharedPreferences.getInt (Ljava/lang/String;I)I (itf)
   L31
    LINENUMBER 68 L31
    ALOAD 0
    GETFIELD com/hieltech/haramblur/data/SettingsRepository.prefs : Landroid/content/SharedPreferences;
    LDC "enable_site_blocking"
    NOP
    ICONST_1
    INVOKEINTERFACE android/content/SharedPreferences.getBoolean (Ljava/lang/String;Z)Z (itf)
   L32
    LINENUMBER 69 L32
    ALOAD 0
    GETFIELD com/hieltech/haramblur/data/SettingsRepository.prefs : Landroid/content/SharedPreferences;
    LDC "enable_quranic_guidance"
    NOP
    ICONST_1
    INVOKEINTERFACE android/content/SharedPreferences.getBoolean (Ljava/lang/String;Z)Z (itf)
   L33
    LINENUMBER 70 L33
    ALOAD 0
    GETFIELD com/hieltech/haramblur/data/SettingsRepository.prefs : Landroid/content/SharedPreferences;
    LDC "ultra_fast_mode_enabled"
    NOP
    ICONST_0
    INVOKEINTERFACE android/content/SharedPreferences.getBoolean (Ljava/lang/String;Z)Z (itf)
   L34
    LINENUMBER 71 L34
    ALOAD 0
    GETFIELD com/hieltech/haramblur/data/SettingsRepository.prefs : Landroid/content/SharedPreferences;
    LDC "fullscreen_warning_enabled"
    NOP
    ICONST_1
    INVOKEINTERFACE android/content/SharedPreferences.getBoolean (Ljava/lang/String;Z)Z (itf)
   L35
    LINENUMBER 74 L35
    ALOAD 0
    GETFIELD com/hieltech/haramblur/data/SettingsRepository.prefs : Landroid/content/SharedPreferences;
    LDC "max_processing_time_ms"
    LDC 50
    INVOKEINTERFACE android/content/SharedPreferences.getLong (Ljava/lang/String;J)J (itf)
   L36
    LINENUMBER 75 L36
    ALOAD 0
    GETFIELD com/hieltech/haramblur/data/SettingsRepository.prefs : Landroid/content/SharedPreferences;
    LDC "enable_gpu_acceleration"
    NOP
    ICONST_1
    INVOKEINTERFACE android/content/SharedPreferences.getBoolean (Ljava/lang/String;Z)Z (itf)
   L37
    LINENUMBER 76 L37
    ALOAD 0
    GETFIELD com/hieltech/haramblur/data/SettingsRepository.prefs : Landroid/content/SharedPreferences;
    LDC "frame_skip_threshold"
    ICONST_3
    INVOKEINTERFACE android/content/SharedPreferences.getInt (Ljava/lang/String;I)I (itf)
   L38
    LINENUMBER 77 L38
    ALOAD 0
    GETFIELD com/hieltech/haramblur/data/SettingsRepository.prefs : Landroid/content/SharedPreferences;
    LDC "image_downscale_ratio"
    LDC 0.5
    INVOKEINTERFACE android/content/SharedPreferences.getFloat (Ljava/lang/String;F)F (itf)
   L39
    LINENUMBER 81 L39
    ALOAD 0
    GETFIELD com/hieltech/haramblur/data/SettingsRepository.prefs : Landroid/content/SharedPreferences;
    LDC "preferred_language"
    LDC "ENGLISH"
    INVOKEINTERFACE android/content/SharedPreferences.getString (Ljava/lang/String;Ljava/lang/String;)Ljava/lang/String; (itf)
    DUP
    INVOKESTATIC kotlin/jvm/internal/Intrinsics.checkNotNull (Ljava/lang/Object;)V
   L40
    LINENUMBER 80 L40
    INVOKESTATIC com/hieltech/haramblur/detection/Language.valueOf (Ljava/lang/String;)Lcom/hieltech/haramblur/detection/Language;
   L41
    LINENUMBER 83 L41
    ALOAD 0
    GETFIELD com/hieltech/haramblur/data/SettingsRepository.prefs : Landroid/content/SharedPreferences;
    LDC "verse_display_duration"
    BIPUSH 10
    INVOKEINTERFACE android/content/SharedPreferences.getInt (Ljava/lang/String;I)I (itf)
   L42
    LINENUMBER 84 L42
    ALOAD 0
    GETFIELD com/hieltech/haramblur/data/SettingsRepository.prefs : Landroid/content/SharedPreferences;
    LDC "enable_arabic_text"
    NOP
    ICONST_1
    INVOKEINTERFACE android/content/SharedPreferences.getBoolean (Ljava/lang/String;Z)Z (itf)
   L43
    LINENUMBER 85 L43
    ALOAD 0
    GETFIELD com/hieltech/haramblur/data/SettingsRepository.prefs : Landroid/content/SharedPreferences;
    LDC "custom_reflection_time"
    BIPUSH 15
    INVOKEINTERFACE android/content/SharedPreferences.getInt (Ljava/lang/String;I)I (itf)
   L44
    LINENUMBER 88 L44
    ALOAD 0
    GETFIELD com/hieltech/haramblur/data/SettingsRepository.prefs : Landroid/content/SharedPreferences;
    LDC "gender_confidence_threshold"
    LDC 0.8
    INVOKEINTERFACE android/content/SharedPreferences.getFloat (Ljava/lang/String;F)F (itf)
   L45
    LINENUMBER 89 L45
    ALOAD 0
    GETFIELD com/hieltech/haramblur/data/SettingsRepository.prefs : Landroid/content/SharedPreferences;
    LDC "nsfw_confidence_threshold"
    LDC 0.7
    INVOKEINTERFACE android/content/SharedPreferences.getFloat (Ljava/lang/String;F)F (itf)
   L46
    LINENUMBER 90 L46
    ALOAD 0
    GETFIELD com/hieltech/haramblur/data/SettingsRepository.prefs : Landroid/content/SharedPreferences;
    LDC "enable_fallback_detection"
    NOP
    ICONST_1
    INVOKEINTERFACE android/content/SharedPreferences.getBoolean (Ljava/lang/String;Z)Z (itf)
   L47
    LINENUMBER 91 L47
    ALOAD 0
    GETFIELD com/hieltech/haramblur/data/SettingsRepository.prefs : Landroid/content/SharedPreferences;
    LDC "enable_performance_monitoring"
    NOP
    ICONST_1
    INVOKEINTERFACE android/content/SharedPreferences.getBoolean (Ljava/lang/String;Z)Z (itf)
   L48
    LINENUMBER 38 L48
    NOP
    ICONST_0
    ICONST_0
    FCONST_0
    ICONST_0
    FCONST_0
    LCONST_0
    NOP
    ICONST_0
    ACONST_NULL
    ACONST_NULL
    ICONST_0
    NOP
    ICONST_0
    NOP
    ICONST_0
    NOP
    ICONST_0
    NOP
    ICONST_0
    NOP
    ICONST_0
    NOP
    ICONST_0
    ACONST_NULL
    LCONST_0
    NOP
    ICONST_0
    NOP
    ICONST_0
    LCONST_0
    NOP
    ICONST_0
    ACONST_NULL
    LCONST_0
    NOP
    ICONST_0
   L49
    LINENUMBER 94 L49
    ALOAD 0
    GETFIELD com/hieltech/haramblur/data/SettingsRepository.prefs : Landroid/content/SharedPreferences;
    LDC "dhikr_enabled"
    NOP
    ICONST_1
    INVOKEINTERFACE android/content/SharedPreferences.getBoolean (Ljava/lang/String;Z)Z (itf)
   L50
    LINENUMBER 95 L50
    ALOAD 0
    GETFIELD com/hieltech/haramblur/data/SettingsRepository.prefs : Landroid/content/SharedPreferences;
    LDC "dhikr_morning_enabled"
    NOP
    ICONST_1
    INVOKEINTERFACE android/content/SharedPreferences.getBoolean (Ljava/lang/String;Z)Z (itf)
   L51
    LINENUMBER 96 L51
    ALOAD 0
    GETFIELD com/hieltech/haramblur/data/SettingsRepository.prefs : Landroid/content/SharedPreferences;
    LDC "dhikr_evening_enabled"
    NOP
    ICONST_1
    INVOKEINTERFACE android/content/SharedPreferences.getBoolean (Ljava/lang/String;Z)Z (itf)
   L52
    LINENUMBER 97 L52
    ALOAD 0
    GETFIELD com/hieltech/haramblur/data/SettingsRepository.prefs : Landroid/content/SharedPreferences;
    LDC "dhikr_anytime_enabled"
    NOP
    ICONST_1
    INVOKEINTERFACE android/content/SharedPreferences.getBoolean (Ljava/lang/String;Z)Z (itf)
   L53
    LINENUMBER 98 L53
    ALOAD 0
    GETFIELD com/hieltech/haramblur/data/SettingsRepository.prefs : Landroid/content/SharedPreferences;
    LDC "dhikr_morning_start"
    ICONST_5
    INVOKEINTERFACE android/content/SharedPreferences.getInt (Ljava/lang/String;I)I (itf)
   L54
    LINENUMBER 99 L54
    ALOAD 0
    GETFIELD com/hieltech/haramblur/data/SettingsRepository.prefs : Landroid/content/SharedPreferences;
    LDC "dhikr_morning_end"
    BIPUSH 10
    INVOKEINTERFACE android/content/SharedPreferences.getInt (Ljava/lang/String;I)I (itf)
   L55
    LINENUMBER 100 L55
    ALOAD 0
    GETFIELD com/hieltech/haramblur/data/SettingsRepository.prefs : Landroid/content/SharedPreferences;
    LDC "dhikr_evening_start"
    BIPUSH 17
    INVOKEINTERFACE android/content/SharedPreferences.getInt (Ljava/lang/String;I)I (itf)
   L56
    LINENUMBER 101 L56
    ALOAD 0
    GETFIELD com/hieltech/haramblur/data/SettingsRepository.prefs : Landroid/content/SharedPreferences;
    LDC "dhikr_evening_end"
    BIPUSH 22
    INVOKEINTERFACE android/content/SharedPreferences.getInt (Ljava/lang/String;I)I (itf)
   L57
    LINENUMBER 102 L57
    ALOAD 0
    GETFIELD com/hieltech/haramblur/data/SettingsRepository.prefs : Landroid/content/SharedPreferences;
    LDC "dhikr_interval_minutes"
    BIPUSH 60
    INVOKEINTERFACE android/content/SharedPreferences.getInt (Ljava/lang/String;I)I (itf)
   L58
    LINENUMBER 103 L58
    ALOAD 0
    GETFIELD com/hieltech/haramblur/data/SettingsRepository.prefs : Landroid/content/SharedPreferences;
    LDC "dhikr_display_duration"
    BIPUSH 10
    INVOKEINTERFACE android/content/SharedPreferences.getInt (Ljava/lang/String;I)I (itf)
   L59
    LINENUMBER 104 L59
    ALOAD 0
    GETFIELD com/hieltech/haramblur/data/SettingsRepository.prefs : Landroid/content/SharedPreferences;
    LDC "dhikr_show_transliteration"
    NOP
    ICONST_1
    INVOKEINTERFACE android/content/SharedPreferences.getBoolean (Ljava/lang/String;Z)Z (itf)
   L60
    LINENUMBER 105 L60
    ALOAD 0
    GETFIELD com/hieltech/haramblur/data/SettingsRepository.prefs : Landroid/content/SharedPreferences;
    LDC "dhikr_show_translation"
    NOP
    ICONST_1
    INVOKEINTERFACE android/content/SharedPreferences.getBoolean (Ljava/lang/String;Z)Z (itf)
   L61
    LINENUMBER 106 L61
    ALOAD 0
    GETFIELD com/hieltech/haramblur/data/SettingsRepository.prefs : Landroid/content/SharedPreferences;
    LDC "dhikr_position"
    LDC "TOP_RIGHT"
    INVOKEINTERFACE android/content/SharedPreferences.getString (Ljava/lang/String;Ljava/lang/String;)Ljava/lang/String; (itf)
    ASTORE 1
   L62
    ALOAD 1
    IFNULL L63
    ALOAD 1
    GOTO L64
   L63
    NOP
    LDC "TOP_RIGHT"
   L64
    LINENUMBER 107 L64
    ALOAD 0
    GETFIELD com/hieltech/haramblur/data/SettingsRepository.prefs : Landroid/content/SharedPreferences;
    LDC "dhikr_animation_enabled"
    NOP
    ICONST_1
    INVOKEINTERFACE android/content/SharedPreferences.getBoolean (Ljava/lang/String;Z)Z (itf)
   L65
    LINENUMBER 108 L65
    ALOAD 0
    GETFIELD com/hieltech/haramblur/data/SettingsRepository.prefs : Landroid/content/SharedPreferences;
    LDC "dhikr_sound_enabled"
    NOP
    ICONST_0
    INVOKEINTERFACE android/content/SharedPreferences.getBoolean (Ljava/lang/String;Z)Z (itf)
   L66
    LINENUMBER 111 L66
    ALOAD 0
    GETFIELD com/hieltech/haramblur/data/SettingsRepository.prefs : Landroid/content/SharedPreferences;
    LDC "enable_islamic_calendar"
    NOP
    ICONST_1
    INVOKEINTERFACE android/content/SharedPreferences.getBoolean (Ljava/lang/String;Z)Z (itf)
   L67
    LINENUMBER 112 L67
    ALOAD 0
    GETFIELD com/hieltech/haramblur/data/SettingsRepository.prefs : Landroid/content/SharedPreferences;
    LDC "enable_prayer_times"
    NOP
    ICONST_1
    INVOKEINTERFACE android/content/SharedPreferences.getBoolean (Ljava/lang/String;Z)Z (itf)
   L68
    LINENUMBER 113 L68
    ALOAD 0
    GETFIELD com/hieltech/haramblur/data/SettingsRepository.prefs : Landroid/content/SharedPreferences;
    LDC "enable_prayer_notifications"
    NOP
    ICONST_1
    INVOKEINTERFACE android/content/SharedPreferences.getBoolean (Ljava/lang/String;Z)Z (itf)
   L69
    LINENUMBER 114 L69
    ALOAD 0
    GETFIELD com/hieltech/haramblur/data/SettingsRepository.prefs : Landroid/content/SharedPreferences;
    LDC "prayer_calculation_method"
    ICONST_2
    INVOKEINTERFACE android/content/SharedPreferences.getInt (Ljava/lang/String;I)I (itf)
   L70
    LINENUMBER 115 L70
    ALOAD 0
    GETFIELD com/hieltech/haramblur/data/SettingsRepository.prefs : Landroid/content/SharedPreferences;
    LDC "prayer_notification_advance_time"
    BIPUSH 15
    INVOKEINTERFACE android/content/SharedPreferences.getInt (Ljava/lang/String;I)I (itf)
   L71
    LINENUMBER 116 L71
    ALOAD 0
    GETFIELD com/hieltech/haramblur/data/SettingsRepository.prefs : Landroid/content/SharedPreferences;
    LDC "location_latitude"
    ACONST_NULL
    INVOKEINTERFACE android/content/SharedPreferences.getString (Ljava/lang/String;Ljava/lang/String;)Ljava/lang/String; (itf)
    ASTORE 1
   L72
    ALOAD 1
    IFNULL L73
    ALOAD 1
    INVOKESTATIC kotlin/text/StringsKt.toDoubleOrNull (Ljava/lang/String;)Ljava/lang/Double;
    GOTO L74
   L73
    NOP
    ACONST_NULL
   L74
    LINENUMBER 117 L74
    ALOAD 0
    GETFIELD com/hieltech/haramblur/data/SettingsRepository.prefs : Landroid/content/SharedPreferences;
    LDC "location_longitude"
    ACONST_NULL
    INVOKEINTERFACE android/content/SharedPreferences.getString (Ljava/lang/String;Ljava/lang/String;)Ljava/lang/String; (itf)
    ASTORE 1
   L75
    ALOAD 1
    IFNULL L76
    ALOAD 1
    INVOKESTATIC kotlin/text/StringsKt.toDoubleOrNull (Ljava/lang/String;)Ljava/lang/Double;
    GOTO L77
   L76
    NOP
    ACONST_NULL
   L77
    LINENUMBER 118 L77
    ALOAD 0
    GETFIELD com/hieltech/haramblur/data/SettingsRepository.prefs : Landroid/content/SharedPreferences;
    LDC "location_city"
    ACONST_NULL
    INVOKEINTERFACE android/content/SharedPreferences.getString (Ljava/lang/String;Ljava/lang/String;)Ljava/lang/String; (itf)
   L78
    LINENUMBER 119 L78
    ALOAD 0
    GETFIELD com/hieltech/haramblur/data/SettingsRepository.prefs : Landroid/content/SharedPreferences;
    LDC "location_country"
    ACONST_NULL
    INVOKEINTERFACE android/content/SharedPreferences.getString (Ljava/lang/String;Ljava/lang/String;)Ljava/lang/String; (itf)
   L79
    LINENUMBER 120 L79
    ALOAD 0
    GETFIELD com/hieltech/haramblur/data/SettingsRepository.prefs : Landroid/content/SharedPreferences;
    LDC "location_country_code"
    ACONST_NULL
    INVOKEINTERFACE android/content/SharedPreferences.getString (Ljava/lang/String;Ljava/lang/String;)Ljava/lang/String; (itf)
   L80
    LINENUMBER 121 L80
    ALOAD 0
    GETFIELD com/hieltech/haramblur/data/SettingsRepository.prefs : Landroid/content/SharedPreferences;
    LDC "enable_qibla_direction"
    NOP
    ICONST_1
    INVOKEINTERFACE android/content/SharedPreferences.getBoolean (Ljava/lang/String;Z)Z (itf)
   L81
    LINENUMBER 122 L81
    ALOAD 0
    GETFIELD com/hieltech/haramblur/data/SettingsRepository.prefs : Landroid/content/SharedPreferences;
    LDC "prayer_times_update_interval"
    BIPUSH 30
    INVOKEINTERFACE android/content/SharedPreferences.getInt (Ljava/lang/String;I)I (itf)
   L82
    LINENUMBER 123 L82
    ALOAD 0
    GETFIELD com/hieltech/haramblur/data/SettingsRepository.prefs : Landroid/content/SharedPreferences;
    LDC "islamic_calendar_update_interval"
    BIPUSH 60
    INVOKEINTERFACE android/content/SharedPreferences.getInt (Ljava/lang/String;I)I (itf)
   L83
    LINENUMBER 124 L83
    ALOAD 0
    GETFIELD com/hieltech/haramblur/data/SettingsRepository.prefs : Landroid/content/SharedPreferences;
    LDC "auto_detect_location"
    NOP
    ICONST_1
    INVOKEINTERFACE android/content/SharedPreferences.getBoolean (Ljava/lang/String;Z)Z (itf)
   L84
    LINENUMBER 125 L84
   L85
    ISTORE 100
    ISTORE 99
    ISTORE 98
    ISTORE 97
    ASTORE 96
    ASTORE 95
    ASTORE 94
    ASTORE 93
    ASTORE 92
    ISTORE 91
    ISTORE 90
    ISTORE 89
    ISTORE 88
    ISTORE 87
    ISTORE 86
    ISTORE 85
    ASTORE 84
    ISTORE 83
    ISTORE 82
    ISTORE 81
    ISTORE 80
    ISTORE 79
    ISTORE 78
    ISTORE 77
    ISTORE 76
    ISTORE 75
    ISTORE 74
    ISTORE 73
    ISTORE 72
    ISTORE 71
    LSTORE 69
    ASTORE 68
    ISTORE 67
    LSTORE 65
    ISTORE 64
    ISTORE 63
    LSTORE 61
    ASTORE 60
    ISTORE 59
    ISTORE 58
    ISTORE 57
    ISTORE 56
    ISTORE 55
    ISTORE 54
    ISTORE 53
    ASTORE 52
    ASTORE 51
    ISTORE 50
    LSTORE 48
    FSTORE 47
    ISTORE 46
    FSTORE 45
    ISTORE 44
    ISTORE 43
    ISTORE 42
    ISTORE 41
    FSTORE 40
    FSTORE 39
    ISTORE 38
    ISTORE 37
    ISTORE 36
    ASTORE 35
    FSTORE 34
    ISTORE 33
    ISTORE 32
    LSTORE 30
    ISTORE 29
    ISTORE 28
    ISTORE 27
    ISTORE 26
    ISTORE 25
    FSTORE 24
    ISTORE 23
    ASTORE 22
    ISTORE 21
    ISTORE 20
    ISTORE 19
    ASTORE 18
    ISTORE 17
    ASTORE 16
    ISTORE 15
    ASTORE 14
    ASTORE 13
    FSTORE 12
    ISTORE 11
    ISTORE 10
    ISTORE 9
    ISTORE 8
    ASTORE 7
    ASTORE 6
    ASTORE 5
   L0
    NOP
    ALOAD 5
    ALOAD 6
    ALOAD 7
    ILOAD 8
    ILOAD 9
    ILOAD 10
    ILOAD 11
    FLOAD 12
    ALOAD 13
    ALOAD 14
    ILOAD 15
    ALOAD 16
    ILOAD 17
    ALOAD 18
    ILOAD 19
    ILOAD 20
    ILOAD 21
    ALOAD 22
    ILOAD 23
    FLOAD 24
    ILOAD 25
    ILOAD 26
    ILOAD 27
    ILOAD 28
    ILOAD 29
    LLOAD 30
    ILOAD 32
    ILOAD 33
    FLOAD 34
    ALOAD 35
    ILOAD 36
    ILOAD 37
    ILOAD 38
    FLOAD 39
    FLOAD 40
    ILOAD 41
    ILOAD 42
    ILOAD 43
    ILOAD 44
    FLOAD 45
    ILOAD 46
    FLOAD 47
    LLOAD 48
    ILOAD 50
    ALOAD 51
    ALOAD 52
    ILOAD 53
    ILOAD 54
    ILOAD 55
    ILOAD 56
    ILOAD 57
    ILOAD 58
    ILOAD 59
    ALOAD 60
    LLOAD 61
    ILOAD 63
    ILOAD 64
    LLOAD 65
    ILOAD 67
    ALOAD 68
    LLOAD 69
    ILOAD 71
    ILOAD 72
    ILOAD 73
    ILOAD 74
    ILOAD 75
    ILOAD 76
    ILOAD 77
    ILOAD 78
    ILOAD 79
    ILOAD 80
    ILOAD 81
    ILOAD 82
    ILOAD 83
    ALOAD 84
    ILOAD 85
    ILOAD 86
    ILOAD 87
    ILOAD 88
    ILOAD 89
    ILOAD 90
    ILOAD 91
    ALOAD 92
    ALOAD 93
    ALOAD 94
    ALOAD 95
    ALOAD 96
    ILOAD 97
    ILOAD 98
    ILOAD 99
    ILOAD 100
   L86
    LINENUMBER 126 L86
    ALOAD 0
    GETFIELD com/hieltech/haramblur/data/SettingsRepository.prefs : Landroid/content/SharedPreferences;
    LDC "location_method"
    LDC "GPS"
    INVOKEINTERFACE android/content/SharedPreferences.getString (Ljava/lang/String;Ljava/lang/String;)Ljava/lang/String; (itf)
    DUP
    INVOKESTATIC kotlin/jvm/internal/Intrinsics.checkNotNull (Ljava/lang/Object;)V
    INVOKESTATIC com/hieltech/haramblur/data/LocationMethod.valueOf (Ljava/lang/String;)Lcom/hieltech/haramblur/data/LocationMethod;
    ASTORE 1
   L1
    GOTO L87
   L2
    LINENUMBER 127 L2
    ASTORE 2
    ALOAD 5
    ALOAD 6
    ALOAD 7
    ILOAD 8
    ILOAD 9
    ILOAD 10
    ILOAD 11
    FLOAD 12
    ALOAD 13
    ALOAD 14
    ILOAD 15
    ALOAD 16
    ILOAD 17
    ALOAD 18
    ILOAD 19
    ILOAD 20
    ILOAD 21
    ALOAD 22
    ILOAD 23
    FLOAD 24
    ILOAD 25
    ILOAD 26
    ILOAD 27
    ILOAD 28
    ILOAD 29
    LLOAD 30
    ILOAD 32
    ILOAD 33
    FLOAD 34
    ALOAD 35
    ILOAD 36
    ILOAD 37
    ILOAD 38
    FLOAD 39
    FLOAD 40
    ILOAD 41
    ILOAD 42
    ILOAD 43
    ILOAD 44
    FLOAD 45
    ILOAD 46
    FLOAD 47
    LLOAD 48
    ILOAD 50
    ALOAD 51
    ALOAD 52
    ILOAD 53
    ILOAD 54
    ILOAD 55
    ILOAD 56
    ILOAD 57
    ILOAD 58
    ILOAD 59
    ALOAD 60
    LLOAD 61
    ILOAD 63
    ILOAD 64
    LLOAD 65
    ILOAD 67
    ALOAD 68
    LLOAD 69
    ILOAD 71
    ILOAD 72
    ILOAD 73
    ILOAD 74
    ILOAD 75
    ILOAD 76
    ILOAD 77
    ILOAD 78
    ILOAD 79
    ILOAD 80
    ILOAD 81
    ILOAD 82
    ILOAD 83
    ALOAD 84
    ILOAD 85
    ILOAD 86
    ILOAD 87
    ILOAD 88
    ILOAD 89
    ILOAD 90
    ILOAD 91
    ALOAD 92
    ALOAD 93
    ALOAD 94
    ALOAD 95
    ALOAD 96
    ILOAD 97
    ILOAD 98
    ILOAD 99
    ILOAD 100
   L88
    GETSTATIC com/hieltech/haramblur/data/LocationMethod.GPS : Lcom/hieltech/haramblur/data/LocationMethod;
    ASTORE 1
   L87
    ALOAD 1
   L89
    LINENUMBER 128 L89
    ALOAD 0
    GETFIELD com/hieltech/haramblur/data/SettingsRepository.prefs : Landroid/content/SharedPreferences;
    LDC "location_accuracy"
    ACONST_NULL
    INVOKEINTERFACE android/content/SharedPreferences.getString (Ljava/lang/String;Ljava/lang/String;)Ljava/lang/String; (itf)
    ASTORE 1
   L90
    ALOAD 1
    IFNULL L91
    ALOAD 1
    INVOKESTATIC kotlin/text/StringsKt.toFloatOrNull (Ljava/lang/String;)Ljava/lang/Float;
    GOTO L92
   L91
    NOP
    ACONST_NULL
   L92
    LINENUMBER 129 L92
    ALOAD 0
    GETFIELD com/hieltech/haramblur/data/SettingsRepository.prefs : Landroid/content/SharedPreferences;
    LDC "location_last_updated"
    LCONST_0
    INVOKEINTERFACE android/content/SharedPreferences.getLong (Ljava/lang/String;J)J (itf)
    INVOKESTATIC java/lang/Long.valueOf (J)Ljava/lang/Long;
    ASTORE 1
    NOP
   L93
    NOP
    ALOAD 1
    CHECKCAST java/lang/Number
    INVOKEVIRTUAL java/lang/Number.longValue ()J
    LSTORE 2
   L94
    LINENUMBER 1362 L94
    ASTORE 102
    ASTORE 101
    ISTORE 100
    ISTORE 99
    ISTORE 98
    ISTORE 97
    ASTORE 96
    ASTORE 95
    ASTORE 94
    ASTORE 93
    ASTORE 92
    ISTORE 91
    ISTORE 90
    ISTORE 89
    ISTORE 88
    ISTORE 87
    ISTORE 86
    ISTORE 85
    ASTORE 84
    ISTORE 83
    ISTORE 82
    ISTORE 81
    ISTORE 80
    ISTORE 79
    ISTORE 78
    ISTORE 77
    ISTORE 76
    ISTORE 75
    ISTORE 74
    ISTORE 73
    ISTORE 72
    ISTORE 71
    LSTORE 69
    ASTORE 68
    ISTORE 67
    LSTORE 65
    ISTORE 64
    ISTORE 63
    LSTORE 61
    ASTORE 60
    ISTORE 59
    ISTORE 58
    ISTORE 57
    ISTORE 56
    ISTORE 55
    ISTORE 54
    ISTORE 53
    ASTORE 52
    ASTORE 51
    ISTORE 50
    LSTORE 48
    FSTORE 47
    ISTORE 46
    FSTORE 45
    ISTORE 44
    ISTORE 43
    ISTORE 42
    ISTORE 41
    FSTORE 40
    FSTORE 39
    ISTORE 38
    ISTORE 37
    ISTORE 36
    ASTORE 35
    FSTORE 34
    ISTORE 33
    ISTORE 32
    LSTORE 30
    ISTORE 29
    ISTORE 28
    ISTORE 27
    ISTORE 26
    ISTORE 25
    FSTORE 24
    ISTORE 23
    ASTORE 22
    ISTORE 21
    ISTORE 20
    ISTORE 19
    ASTORE 18
    ISTORE 17
    ASTORE 16
    ISTORE 15
    ASTORE 14
    ASTORE 13
    FSTORE 12
    ISTORE 11
    ISTORE 10
    ISTORE 9
    ISTORE 8
    ASTORE 7
    ASTORE 6
    ASTORE 5
   L95
    ICONST_0
    ISTORE 4
   L96
    LINENUMBER 129 L96
    LLOAD 2
    LCONST_0
    LCMP
    IFGT L97
    ACONST_NULL
    GOTO L98
   L97
    LLOAD 2
    INVOKESTATIC java/lang/Long.valueOf (J)Ljava/lang/Long;
   L98
    NOP
    GOTO L99
   L99
    ASTORE 103
    ALOAD 5
    ALOAD 6
    ALOAD 7
    ILOAD 8
    ILOAD 9
    ILOAD 10
    ILOAD 11
    FLOAD 12
    ALOAD 13
    ALOAD 14
    ILOAD 15
    ALOAD 16
    ILOAD 17
    ALOAD 18
    ILOAD 19
    ILOAD 20
    ILOAD 21
    ALOAD 22
    ILOAD 23
    FLOAD 24
    ILOAD 25
    ILOAD 26
    ILOAD 27
    ILOAD 28
    ILOAD 29
    LLOAD 30
    ILOAD 32
    ILOAD 33
    FLOAD 34
    ALOAD 35
    ILOAD 36
    ILOAD 37
    ILOAD 38
    FLOAD 39
    FLOAD 40
    ILOAD 41
    ILOAD 42
    ILOAD 43
    ILOAD 44
    FLOAD 45
    ILOAD 46
    FLOAD 47
    LLOAD 48
    ILOAD 50
    ALOAD 51
    ALOAD 52
    ILOAD 53
    ILOAD 54
    ILOAD 55
    ILOAD 56
    ILOAD 57
    ILOAD 58
    ILOAD 59
    ALOAD 60
    LLOAD 61
    ILOAD 63
    ILOAD 64
    LLOAD 65
    ILOAD 67
    ALOAD 68
    LLOAD 69
    ILOAD 71
    ILOAD 72
    ILOAD 73
    ILOAD 74
    ILOAD 75
    ILOAD 76
    ILOAD 77
    ILOAD 78
    ILOAD 79
    ILOAD 80
    ILOAD 81
    ILOAD 82
    ILOAD 83
    ALOAD 84
    ILOAD 85
    ILOAD 86
    ILOAD 87
    ILOAD 88
    ILOAD 89
    ILOAD 90
    ILOAD 91
    ALOAD 92
    ALOAD 93
    ALOAD 94
    ALOAD 95
    ALOAD 96
    ILOAD 97
    ILOAD 98
    ILOAD 99
    ILOAD 100
    ALOAD 101
    ALOAD 102
    ALOAD 103
   L100
    LINENUMBER 129 L100
    NOP
    GOTO L101
   L101
    CHECKCAST java/lang/Long
   L102
    LINENUMBER 130 L102
   L103
    ASTORE 103
    ASTORE 102
    ASTORE 101
    ISTORE 100
    ISTORE 99
    ISTORE 98
    ISTORE 97
    ASTORE 96
    ASTORE 95
    ASTORE 94
    ASTORE 93
    ASTORE 92
    ISTORE 91
    ISTORE 90
    ISTORE 89
    ISTORE 88
    ISTORE 87
    ISTORE 86
    ISTORE 85
    ASTORE 84
    ISTORE 83
    ISTORE 82
    ISTORE 81
    ISTORE 80
    ISTORE 79
    ISTORE 78
    ISTORE 77
    ISTORE 76
    ISTORE 75
    ISTORE 74
    ISTORE 73
    ISTORE 72
    ISTORE 71
    LSTORE 69
    ASTORE 68
    ISTORE 67
    LSTORE 65
    ISTORE 64
    ISTORE 63
    LSTORE 61
    ASTORE 60
    ISTORE 59
    ISTORE 58
    ISTORE 57
    ISTORE 56
    ISTORE 55
    ISTORE 54
    ISTORE 53
    ASTORE 52
    ASTORE 51
    ISTORE 50
    LSTORE 48
    FSTORE 47
    ISTORE 46
    FSTORE 45
    ISTORE 44
    ISTORE 43
    ISTORE 42
    ISTORE 41
    FSTORE 40
    FSTORE 39
    ISTORE 38
    ISTORE 37
    ISTORE 36
    ASTORE 35
    FSTORE 34
    ISTORE 33
    ISTORE 32
    LSTORE 30
    ISTORE 29
    ISTORE 28
    ISTORE 27
    ISTORE 26
    ISTORE 25
    FSTORE 24
    ISTORE 23
    ASTORE 22
    ISTORE 21
    ISTORE 20
    ISTORE 19
    ASTORE 18
    ISTORE 17
    ASTORE 16
    ISTORE 15
    ASTORE 14
    ASTORE 13
    FSTORE 12
    ISTORE 11
    ISTORE 10
    ISTORE 9
    ISTORE 8
    ASTORE 7
    ASTORE 6
    ASTORE 5
   L3
    NOP
    ALOAD 5
    ALOAD 6
    ALOAD 7
    ILOAD 8
    ILOAD 9
    ILOAD 10
    ILOAD 11
    FLOAD 12
    ALOAD 13
    ALOAD 14
    ILOAD 15
    ALOAD 16
    ILOAD 17
    ALOAD 18
    ILOAD 19
    ILOAD 20
    ILOAD 21
    ALOAD 22
    ILOAD 23
    FLOAD 24
    ILOAD 25
    ILOAD 26
    ILOAD 27
    ILOAD 28
    ILOAD 29
    LLOAD 30
    ILOAD 32
    ILOAD 33
    FLOAD 34
    ALOAD 35
    ILOAD 36
    ILOAD 37
    ILOAD 38
    FLOAD 39
    FLOAD 40
    ILOAD 41
    ILOAD 42
    ILOAD 43
    ILOAD 44
    FLOAD 45
    ILOAD 46
    FLOAD 47
    LLOAD 48
    ILOAD 50
    ALOAD 51
    ALOAD 52
    ILOAD 53
    ILOAD 54
    ILOAD 55
    ILOAD 56
    ILOAD 57
    ILOAD 58
    ILOAD 59
    ALOAD 60
    LLOAD 61
    ILOAD 63
    ILOAD 64
    LLOAD 65
    ILOAD 67
    ALOAD 68
    LLOAD 69
    ILOAD 71
    ILOAD 72
    ILOAD 73
    ILOAD 74
    ILOAD 75
    ILOAD 76
    ILOAD 77
    ILOAD 78
    ILOAD 79
    ILOAD 80
    ILOAD 81
    ILOAD 82
    ILOAD 83
    ALOAD 84
    ILOAD 85
    ILOAD 86
    ILOAD 87
    ILOAD 88
    ILOAD 89
    ILOAD 90
    ILOAD 91
    ALOAD 92
    ALOAD 93
    ALOAD 94
    ALOAD 95
    ALOAD 96
    ILOAD 97
    ILOAD 98
    ILOAD 99
    ILOAD 100
    ALOAD 101
    ALOAD 102
    ALOAD 103
   L104
    LINENUMBER 132 L104
    ALOAD 0
    GETFIELD com/hieltech/haramblur/data/SettingsRepository.prefs : Landroid/content/SharedPreferences;
    LDC "location_permission_status"
    LDC "UNKNOWN"
    INVOKEINTERFACE android/content/SharedPreferences.getString (Ljava/lang/String;Ljava/lang/String;)Ljava/lang/String; (itf)
    DUP
    INVOKESTATIC kotlin/jvm/internal/Intrinsics.checkNotNull (Ljava/lang/Object;)V
   L105
    LINENUMBER 131 L105
    INVOKESTATIC com/hieltech/haramblur/data/LocationPermissionStatus.valueOf (Ljava/lang/String;)Lcom/hieltech/haramblur/data/LocationPermissionStatus;
    ASTORE 1
   L4
    GOTO L106
   L5
    LINENUMBER 134 L5
    ASTORE 2
    ALOAD 5
    ALOAD 6
    ALOAD 7
    ILOAD 8
    ILOAD 9
    ILOAD 10
    ILOAD 11
    FLOAD 12
    ALOAD 13
    ALOAD 14
    ILOAD 15
    ALOAD 16
    ILOAD 17
    ALOAD 18
    ILOAD 19
    ILOAD 20
    ILOAD 21
    ALOAD 22
    ILOAD 23
    FLOAD 24
    ILOAD 25
    ILOAD 26
    ILOAD 27
    ILOAD 28
    ILOAD 29
    LLOAD 30
    ILOAD 32
    ILOAD 33
    FLOAD 34
    ALOAD 35
    ILOAD 36
    ILOAD 37
    ILOAD 38
    FLOAD 39
    FLOAD 40
    ILOAD 41
    ILOAD 42
    ILOAD 43
    ILOAD 44
    FLOAD 45
    ILOAD 46
    FLOAD 47
    LLOAD 48
    ILOAD 50
    ALOAD 51
    ALOAD 52
    ILOAD 53
    ILOAD 54
    ILOAD 55
    ILOAD 56
    ILOAD 57
    ILOAD 58
    ILOAD 59
    ALOAD 60
    LLOAD 61
    ILOAD 63
    ILOAD 64
    LLOAD 65
    ILOAD 67
    ALOAD 68
    LLOAD 69
    ILOAD 71
    ILOAD 72
    ILOAD 73
    ILOAD 74
    ILOAD 75
    ILOAD 76
    ILOAD 77
    ILOAD 78
    ILOAD 79
    ILOAD 80
    ILOAD 81
    ILOAD 82
    ILOAD 83
    ALOAD 84
    ILOAD 85
    ILOAD 86
    ILOAD 87
    ILOAD 88
    ILOAD 89
    ILOAD 90
    ILOAD 91
    ALOAD 92
    ALOAD 93
    ALOAD 94
    ALOAD 95
    ALOAD 96
    ILOAD 97
    ILOAD 98
    ILOAD 99
    ILOAD 100
    ALOAD 101
    ALOAD 102
    ALOAD 103
   L107
    GETSTATIC com/hieltech/haramblur/data/LocationPermissionStatus.UNKNOWN : Lcom/hieltech/haramblur/data/LocationPermissionStatus;
    ASTORE 1
   L106
    ALOAD 1
   L108
    LINENUMBER 38 L108
    ACONST_NULL
    ACONST_NULL
    ACONST_NULL
   L109
    LINENUMBER 137 L109
    ALOAD 0
    GETFIELD com/hieltech/haramblur/data/SettingsRepository.prefs : Landroid/content/SharedPreferences;
    LDC "selected_city_name"
    ACONST_NULL
    INVOKEINTERFACE android/content/SharedPreferences.getString (Ljava/lang/String;Ljava/lang/String;)Ljava/lang/String; (itf)
   L110
    LINENUMBER 138 L110
    ALOAD 0
    GETFIELD com/hieltech/haramblur/data/SettingsRepository.prefs : Landroid/content/SharedPreferences;
    LDC "selected_country"
    ACONST_NULL
    INVOKEINTERFACE android/content/SharedPreferences.getString (Ljava/lang/String;Ljava/lang/String;)Ljava/lang/String; (itf)
   L111
    LINENUMBER 139 L111
    ALOAD 0
    GETFIELD com/hieltech/haramblur/data/SettingsRepository.prefs : Landroid/content/SharedPreferences;
    LDC "selected_country_code"
    ACONST_NULL
    INVOKEINTERFACE android/content/SharedPreferences.getString (Ljava/lang/String;Ljava/lang/String;)Ljava/lang/String; (itf)
   L112
    LINENUMBER 140 L112
    ALOAD 0
    GETFIELD com/hieltech/haramblur/data/SettingsRepository.prefs : Landroid/content/SharedPreferences;
    LDC "selected_latitude"
    ACONST_NULL
    INVOKEINTERFACE android/content/SharedPreferences.getString (Ljava/lang/String;Ljava/lang/String;)Ljava/lang/String; (itf)
    ASTORE 1
   L113
    ALOAD 1
    IFNULL L114
    ALOAD 1
    INVOKESTATIC kotlin/text/StringsKt.toDoubleOrNull (Ljava/lang/String;)Ljava/lang/Double;
    GOTO L115
   L114
    NOP
    ACONST_NULL
   L115
    LINENUMBER 141 L115
    ALOAD 0
    GETFIELD com/hieltech/haramblur/data/SettingsRepository.prefs : Landroid/content/SharedPreferences;
    LDC "selected_longitude"
    ACONST_NULL
    INVOKEINTERFACE android/content/SharedPreferences.getString (Ljava/lang/String;Ljava/lang/String;)Ljava/lang/String; (itf)
    ASTORE 1
   L116
    ALOAD 1
    IFNULL L117
    ALOAD 1
    INVOKESTATIC kotlin/text/StringsKt.toDoubleOrNull (Ljava/lang/String;)Ljava/lang/Double;
    GOTO L118
   L117
    NOP
    ACONST_NULL
   L118
    LINENUMBER 144 L118
    ALOAD 0
    GETFIELD com/hieltech/haramblur/data/SettingsRepository.prefs : Landroid/content/SharedPreferences;
    LDC "enable_city_search_cache"
    NOP
    ICONST_1
    INVOKEINTERFACE android/content/SharedPreferences.getBoolean (Ljava/lang/String;Z)Z (itf)
   L119
    LINENUMBER 145 L119
    ALOAD 0
    GETFIELD com/hieltech/haramblur/data/SettingsRepository.prefs : Landroid/content/SharedPreferences;
    LDC "enable_offline_city_fallback"
    NOP
    ICONST_1
    INVOKEINTERFACE android/content/SharedPreferences.getBoolean (Ljava/lang/String;Z)Z (itf)
   L120
    LINENUMBER 146 L120
    ALOAD 0
    GETFIELD com/hieltech/haramblur/data/SettingsRepository.prefs : Landroid/content/SharedPreferences;
    LDC "prefer_stored_coordinates"
    NOP
    ICONST_1
    INVOKEINTERFACE android/content/SharedPreferences.getBoolean (Ljava/lang/String;Z)Z (itf)
   L121
    LINENUMBER 149 L121
    ALOAD 0
    GETFIELD com/hieltech/haramblur/data/SettingsRepository.prefs : Landroid/content/SharedPreferences;
    LDC "fajr_offset_minutes"
    ICONST_0
    INVOKEINTERFACE android/content/SharedPreferences.getInt (Ljava/lang/String;I)I (itf)
   L122
    LINENUMBER 150 L122
    ALOAD 0
    GETFIELD com/hieltech/haramblur/data/SettingsRepository.prefs : Landroid/content/SharedPreferences;
    LDC "sunrise_offset_minutes"
    ICONST_0
    INVOKEINTERFACE android/content/SharedPreferences.getInt (Ljava/lang/String;I)I (itf)
   L123
    LINENUMBER 151 L123
    ALOAD 0
    GETFIELD com/hieltech/haramblur/data/SettingsRepository.prefs : Landroid/content/SharedPreferences;
    LDC "dhuhr_offset_minutes"
    ICONST_0
    INVOKEINTERFACE android/content/SharedPreferences.getInt (Ljava/lang/String;I)I (itf)
   L124
    LINENUMBER 152 L124
    ALOAD 0
    GETFIELD com/hieltech/haramblur/data/SettingsRepository.prefs : Landroid/content/SharedPreferences;
    LDC "asr_offset_minutes"
    ICONST_0
    INVOKEINTERFACE android/content/SharedPreferences.getInt (Ljava/lang/String;I)I (itf)
   L125
    LINENUMBER 153 L125
    ALOAD 0
    GETFIELD com/hieltech/haramblur/data/SettingsRepository.prefs : Landroid/content/SharedPreferences;
    LDC "maghrib_offset_minutes"
    ICONST_0
    INVOKEINTERFACE android/content/SharedPreferences.getInt (Ljava/lang/String;I)I (itf)
   L126
    LINENUMBER 154 L126
    ALOAD 0
    GETFIELD com/hieltech/haramblur/data/SettingsRepository.prefs : Landroid/content/SharedPreferences;
    LDC "isha_offset_minutes"
    ICONST_0
    INVOKEINTERFACE android/content/SharedPreferences.getInt (Ljava/lang/String;I)I (itf)
   L127
    LINENUMBER 155 L127
    ALOAD 0
    GETFIELD com/hieltech/haramblur/data/SettingsRepository.prefs : Landroid/content/SharedPreferences;
    LDC "enable_prayer_history"
    NOP
    ICONST_1
    INVOKEINTERFACE android/content/SharedPreferences.getBoolean (Ljava/lang/String;Z)Z (itf)
   L128
    LINENUMBER 156 L128
    ALOAD 0
    GETFIELD com/hieltech/haramblur/data/SettingsRepository.prefs : Landroid/content/SharedPreferences;
    LDC "prayer_history_retention_days"
    BIPUSH 60
    INVOKEINTERFACE android/content/SharedPreferences.getInt (Ljava/lang/String;I)I (itf)
   L129
    LINENUMBER 157 L129
    ALOAD 0
    GETFIELD com/hieltech/haramblur/data/SettingsRepository.prefs : Landroid/content/SharedPreferences;
    LDC "prayer_cache_ttl_minutes"
    BIPUSH 30
    INVOKEINTERFACE android/content/SharedPreferences.getInt (Ljava/lang/String;I)I (itf)
   L130
    LINENUMBER 158 L130
    ALOAD 0
    GETFIELD com/hieltech/haramblur/data/SettingsRepository.prefs : Landroid/content/SharedPreferences;
    LDC "location_stale_after_minutes"
    BIPUSH 60
    INVOKEINTERFACE android/content/SharedPreferences.getInt (Ljava/lang/String;I)I (itf)
   L131
    LINENUMBER 159 L131
    ALOAD 0
    GETFIELD com/hieltech/haramblur/data/SettingsRepository.prefs : Landroid/content/SharedPreferences;
    LDC "strict_prayer_accuracy_validation"
    NOP
    ICONST_1
    INVOKEINTERFACE android/content/SharedPreferences.getBoolean (Ljava/lang/String;Z)Z (itf)
   L132
    LINENUMBER 160 L132
    ALOAD 0
    GETFIELD com/hieltech/haramblur/data/SettingsRepository.prefs : Landroid/content/SharedPreferences;
    LDC "max_allowed_prayer_shift_minutes"
    BIPUSH 20
    INVOKEINTERFACE android/content/SharedPreferences.getInt (Ljava/lang/String;I)I (itf)
   L133
    LINENUMBER 161 L133
    ALOAD 0
    GETFIELD com/hieltech/haramblur/data/SettingsRepository.prefs : Landroid/content/SharedPreferences;
    LDC "gps_accuracy_high_threshold_m"
    LDC 30.0
    INVOKEINTERFACE android/content/SharedPreferences.getFloat (Ljava/lang/String;F)F (itf)
   L134
    LINENUMBER 162 L134
    ALOAD 0
    GETFIELD com/hieltech/haramblur/data/SettingsRepository.prefs : Landroid/content/SharedPreferences;
    LDC "gps_accuracy_medium_threshold_m"
    LDC 100.0
    INVOKEINTERFACE android/content/SharedPreferences.getFloat (Ljava/lang/String;F)F (itf)
   L135
    LINENUMBER 163 L135
    ALOAD 0
    GETFIELD com/hieltech/haramblur/data/SettingsRepository.prefs : Landroid/content/SharedPreferences;
    LDC "gps_accuracy_low_threshold_m"
    LDC 300.0
    INVOKEINTERFACE android/content/SharedPreferences.getFloat (Ljava/lang/String;F)F (itf)
   L136
    LINENUMBER 166 L136
    ALOAD 0
    GETFIELD com/hieltech/haramblur/data/SettingsRepository.prefs : Landroid/content/SharedPreferences;
    LDC "qibla_compass_enabled"
    NOP
    ICONST_1
    INVOKEINTERFACE android/content/SharedPreferences.getBoolean (Ljava/lang/String;Z)Z (itf)
   L137
    LINENUMBER 167 L137
    ALOAD 0
    GETFIELD com/hieltech/haramblur/data/SettingsRepository.prefs : Landroid/content/SharedPreferences;
    LDC "compass_calibration_reminders"
    NOP
    ICONST_1
    INVOKEINTERFACE android/content/SharedPreferences.getBoolean (Ljava/lang/String;Z)Z (itf)
   L138
    LINENUMBER 168 L138
    ALOAD 0
    GETFIELD com/hieltech/haramblur/data/SettingsRepository.prefs : Landroid/content/SharedPreferences;
    LDC "compass_haptic_feedback"
    NOP
    ICONST_1
    INVOKEINTERFACE android/content/SharedPreferences.getBoolean (Ljava/lang/String;Z)Z (itf)
   L139
    LINENUMBER 169 L139
    ALOAD 0
    GETFIELD com/hieltech/haramblur/data/SettingsRepository.prefs : Landroid/content/SharedPreferences;
    LDC "compass_show_degree_markings"
    NOP
    ICONST_1
    INVOKEINTERFACE android/content/SharedPreferences.getBoolean (Ljava/lang/String;Z)Z (itf)
   L140
    LINENUMBER 170 L140
    ALOAD 0
    GETFIELD com/hieltech/haramblur/data/SettingsRepository.prefs : Landroid/content/SharedPreferences;
    LDC "compass_sensitivity"
    FCONST_1
    INVOKEINTERFACE android/content/SharedPreferences.getFloat (Ljava/lang/String;F)F (itf)
   L141
    LINENUMBER 171 L141
    ALOAD 0
    GETFIELD com/hieltech/haramblur/data/SettingsRepository.prefs : Landroid/content/SharedPreferences;
    LDC "compass_accuracy_threshold"
    LDC 20.0
    INVOKEINTERFACE android/content/SharedPreferences.getFloat (Ljava/lang/String;F)F (itf)
   L142
    LINENUMBER 172 L142
    ALOAD 0
    GETFIELD com/hieltech/haramblur/data/SettingsRepository.prefs : Landroid/content/SharedPreferences;
    LDC "qibla_tolerance_degrees"
    LDC 5.0
    INVOKEINTERFACE android/content/SharedPreferences.getFloat (Ljava/lang/String;F)F (itf)
   L143
    LINENUMBER 173 L143
    ALOAD 0
    GETFIELD com/hieltech/haramblur/data/SettingsRepository.prefs : Landroid/content/SharedPreferences;
    LDC "compass_animation_speed"
    FCONST_1
    INVOKEINTERFACE android/content/SharedPreferences.getFloat (Ljava/lang/String;F)F (itf)
   L144
    LINENUMBER 174 L144
    ALOAD 0
    GETFIELD com/hieltech/haramblur/data/SettingsRepository.prefs : Landroid/content/SharedPreferences;
    LDC "last_compass_calibration"
    LCONST_0
    INVOKEINTERFACE android/content/SharedPreferences.getLong (Ljava/lang/String;J)J (itf)
   L145
    LINENUMBER 175 L145
   L146
    LSTORE 139
    FSTORE 138
    FSTORE 137
    FSTORE 136
    FSTORE 135
    ISTORE 134
    ISTORE 133
    ISTORE 132
    ISTORE 131
    FSTORE 130
    FSTORE 129
    FSTORE 128
    ISTORE 127
    ISTORE 126
    ISTORE 125
    ISTORE 124
    ISTORE 123
    ISTORE 122
    ISTORE 121
    ISTORE 120
    ISTORE 119
    ISTORE 118
    ISTORE 117
    ISTORE 116
    ISTORE 115
    ISTORE 114
    ISTORE 113
    ASTORE 112
    ASTORE 111
    ASTORE 110
    ASTORE 109
    ASTORE 108
    ASTORE 107
    ASTORE 106
    ASTORE 105
    ASTORE 104
    ASTORE 103
    ASTORE 102
    ASTORE 101
    ISTORE 100
    ISTORE 99
    ISTORE 98
    ISTORE 97
    ASTORE 96
    ASTORE 95
    ASTORE 94
    ASTORE 93
    ASTORE 92
    ISTORE 91
    ISTORE 90
    ISTORE 89
    ISTORE 88
    ISTORE 87
    ISTORE 86
    ISTORE 85
    ASTORE 84
    ISTORE 83
    ISTORE 82
    ISTORE 81
    ISTORE 80
    ISTORE 79
    ISTORE 78
    ISTORE 77
    ISTORE 76
    ISTORE 75
    ISTORE 74
    ISTORE 73
    ISTORE 72
    ISTORE 71
    LSTORE 69
    ASTORE 68
    ISTORE 67
    LSTORE 65
    ISTORE 64
    ISTORE 63
    LSTORE 61
    ASTORE 60
    ISTORE 59
    ISTORE 58
    ISTORE 57
    ISTORE 56
    ISTORE 55
    ISTORE 54
    ISTORE 53
    ASTORE 52
    ASTORE 51
    ISTORE 50
    LSTORE 48
    FSTORE 47
    ISTORE 46
    FSTORE 45
    ISTORE 44
    ISTORE 43
    ISTORE 42
    ISTORE 41
    FSTORE 40
    FSTORE 39
    ISTORE 38
    ISTORE 37
    ISTORE 36
    ASTORE 35
    FSTORE 34
    ISTORE 33
    ISTORE 32
    LSTORE 30
    ISTORE 29
    ISTORE 28
    ISTORE 27
    ISTORE 26
    ISTORE 25
    FSTORE 24
    ISTORE 23
    ASTORE 22
    ISTORE 21
    ISTORE 20
    ISTORE 19
    ASTORE 18
    ISTORE 17
    ASTORE 16
    ISTORE 15
    ASTORE 14
    ASTORE 13
    FSTORE 12
    ISTORE 11
    ISTORE 10
    ISTORE 9
    ISTORE 8
    ASTORE 7
    ASTORE 6
    ASTORE 5
   L6
    NOP
    ALOAD 5
    ALOAD 6
    ALOAD 7
    ILOAD 8
    ILOAD 9
    ILOAD 10
    ILOAD 11
    FLOAD 12
    ALOAD 13
    ALOAD 14
    ILOAD 15
    ALOAD 16
    ILOAD 17
    ALOAD 18
    ILOAD 19
    ILOAD 20
    ILOAD 21
    ALOAD 22
    ILOAD 23
    FLOAD 24
    ILOAD 25
    ILOAD 26
    ILOAD 27
    ILOAD 28
    ILOAD 29
    LLOAD 30
    ILOAD 32
    ILOAD 33
    FLOAD 34
    ALOAD 35
    ILOAD 36
    ILOAD 37
    ILOAD 38
    FLOAD 39
    FLOAD 40
    ILOAD 41
    ILOAD 42
    ILOAD 43
    ILOAD 44
    FLOAD 45
    ILOAD 46
    FLOAD 47
    LLOAD 48
    ILOAD 50
    ALOAD 51
    ALOAD 52
    ILOAD 53
    ILOAD 54
    ILOAD 55
    ILOAD 56
    ILOAD 57
    ILOAD 58
    ILOAD 59
    ALOAD 60
    LLOAD 61
    ILOAD 63
    ILOAD 64
    LLOAD 65
    ILOAD 67
    ALOAD 68
    LLOAD 69
    ILOAD 71
    ILOAD 72
    ILOAD 73
    ILOAD 74
    ILOAD 75
    ILOAD 76
    ILOAD 77
    ILOAD 78
    ILOAD 79
    ILOAD 80
    ILOAD 81
    ILOAD 82
    ILOAD 83
    ALOAD 84
    ILOAD 85
    ILOAD 86
    ILOAD 87
    ILOAD 88
    ILOAD 89
    ILOAD 90
    ILOAD 91
    ALOAD 92
    ALOAD 93
    ALOAD 94
    ALOAD 95
    ALOAD 96
    ILOAD 97
    ILOAD 98
    ILOAD 99
    ILOAD 100
    ALOAD 101
    ALOAD 102
    ALOAD 103
    ALOAD 104
    ALOAD 105
    ALOAD 106
    ALOAD 107
    ALOAD 108
    ALOAD 109
    ALOAD 110
    ALOAD 111
    ALOAD 112
    ILOAD 113
    ILOAD 114
    ILOAD 115
    ILOAD 116
    ILOAD 117
    ILOAD 118
    ILOAD 119
    ILOAD 120
    ILOAD 121
    ILOAD 122
    ILOAD 123
    ILOAD 124
    ILOAD 125
    ILOAD 126
    ILOAD 127
    FLOAD 128
    FLOAD 129
    FLOAD 130
    ILOAD 131
    ILOAD 132
    ILOAD 133
    ILOAD 134
    FLOAD 135
    FLOAD 136
    FLOAD 137
    FLOAD 138
    LLOAD 139
   L147
    LINENUMBER 177 L147
    ALOAD 0
    GETFIELD com/hieltech/haramblur/data/SettingsRepository.prefs : Landroid/content/SharedPreferences;
    LDC "compass_preferred_size"
    LDC "MEDIUM"
    INVOKEINTERFACE android/content/SharedPreferences.getString (Ljava/lang/String;Ljava/lang/String;)Ljava/lang/String; (itf)
    DUP
    INVOKESTATIC kotlin/jvm/internal/Intrinsics.checkNotNull (Ljava/lang/Object;)V
   L148
    LINENUMBER 176 L148
    INVOKESTATIC com/hieltech/haramblur/data/compass/CompassSize.valueOf (Ljava/lang/String;)Lcom/hieltech/haramblur/data/compass/CompassSize;
    ASTORE 1
   L7
    GOTO L149
   L8
    LINENUMBER 179 L8
    ASTORE 2
    ALOAD 5
    ALOAD 6
    ALOAD 7
    ILOAD 8
    ILOAD 9
    ILOAD 10
    ILOAD 11
    FLOAD 12
    ALOAD 13
    ALOAD 14
    ILOAD 15
    ALOAD 16
    ILOAD 17
    ALOAD 18
    ILOAD 19
    ILOAD 20
    ILOAD 21
    ALOAD 22
    ILOAD 23
    FLOAD 24
    ILOAD 25
    ILOAD 26
    ILOAD 27
    ILOAD 28
    ILOAD 29
    LLOAD 30
    ILOAD 32
    ILOAD 33
    FLOAD 34
    ALOAD 35
    ILOAD 36
    ILOAD 37
    ILOAD 38
    FLOAD 39
    FLOAD 40
    ILOAD 41
    ILOAD 42
    ILOAD 43
    ILOAD 44
    FLOAD 45
    ILOAD 46
    FLOAD 47
    LLOAD 48
    ILOAD 50
    ALOAD 51
    ALOAD 52
    ILOAD 53
    ILOAD 54
    ILOAD 55
    ILOAD 56
    ILOAD 57
    ILOAD 58
    ILOAD 59
    ALOAD 60
    LLOAD 61
    ILOAD 63
    ILOAD 64
    LLOAD 65
    ILOAD 67
    ALOAD 68
    LLOAD 69
    ILOAD 71
    ILOAD 72
    ILOAD 73
    ILOAD 74
    ILOAD 75
    ILOAD 76
    ILOAD 77
    ILOAD 78
    ILOAD 79
    ILOAD 80
    ILOAD 81
    ILOAD 82
    ILOAD 83
    ALOAD 84
    ILOAD 85
    ILOAD 86
    ILOAD 87
    ILOAD 88
    ILOAD 89
    ILOAD 90
    ILOAD 91
    ALOAD 92
    ALOAD 93
    ALOAD 94
    ALOAD 95
    ALOAD 96
    ILOAD 97
    ILOAD 98
    ILOAD 99
    ILOAD 100
    ALOAD 101
    ALOAD 102
    ALOAD 103
    ALOAD 104
    ALOAD 105
    ALOAD 106
    ALOAD 107
    ALOAD 108
    ALOAD 109
    ALOAD 110
    ALOAD 111
    ALOAD 112
    ILOAD 113
    ILOAD 114
    ILOAD 115
    ILOAD 116
    ILOAD 117
    ILOAD 118
    ILOAD 119
    ILOAD 120
    ILOAD 121
    ILOAD 122
    ILOAD 123
    ILOAD 124
    ILOAD 125
    ILOAD 126
    ILOAD 127
    FLOAD 128
    FLOAD 129
    FLOAD 130
    ILOAD 131
    ILOAD 132
    ILOAD 133
    ILOAD 134
    FLOAD 135
    FLOAD 136
    FLOAD 137
    FLOAD 138
    LLOAD 139
   L150
    GETSTATIC com/hieltech/haramblur/data/compass/CompassSize.MEDIUM : Lcom/hieltech/haramblur/data/compass/CompassSize;
    ASTORE 1
   L149
    ALOAD 1
   L151
    LINENUMBER 180 L151
    ALOAD 0
    GETFIELD com/hieltech/haramblur/data/SettingsRepository.prefs : Landroid/content/SharedPreferences;
    LDC "enable_magnetic_declination"
    NOP
    ICONST_1
    INVOKEINTERFACE android/content/SharedPreferences.getBoolean (Ljava/lang/String;Z)Z (itf)
   L152
    LINENUMBER 181 L152
    ALOAD 0
    GETFIELD com/hieltech/haramblur/data/SettingsRepository.prefs : Landroid/content/SharedPreferences;
    LDC "compass_update_rate"
    BIPUSH 15
    INVOKEINTERFACE android/content/SharedPreferences.getInt (Ljava/lang/String;I)I (itf)
   L153
    LINENUMBER 38 L153
    ICONST_0
    ICONST_1
    LDC 268435448
    LDC -536870912
    ICONST_0
    BIPUSH 8
    ACONST_NULL
    INVOKESPECIAL com/hieltech/haramblur/data/AppSettings.<init> (Lcom/hieltech/haramblur/data/AppTheme;ZZZZFLcom/hieltech/haramblur/data/BlurIntensity;Lcom/hieltech/haramblur/data/BlurStyle;ILcom/hieltech/haramblur/data/ProcessingSpeed;ZLjava/util/Set;ZZZLcom/hieltech/haramblur/data/GenderAccuracy;ZFIZZZZJZIFLcom/hieltech/haramblur/detection/Language;IZIFFZZZIFIFJZLcom/hieltech/haramblur/data/LogLevel;Ljava/util/Set;IZZZZZZLcom/hieltech/haramblur/detection/BlockingMethod;JZZJZLjava/lang/String;JZZZZZIIIIIIZZLjava/lang/String;ZZZZZIILjava/lang/Double;Ljava/lang/Double;Ljava/lang/String;Ljava/lang/String;Ljava/lang/String;ZIIZLcom/hieltech/haramblur/data/LocationMethod;Ljava/lang/Float;Ljava/lang/Long;Lcom/hieltech/haramblur/data/LocationPermissionStatus;Ljava/lang/String;Ljava/lang/String;Ljava/lang/String;Ljava/lang/String;Ljava/lang/String;Ljava/lang/String;Ljava/lang/Double;Ljava/lang/Double;ZZZIIIIIIZIIIZIFFFZZZZFFFFJLcom/hieltech/haramblur/data/compass/CompassSize;ZIIIIIIILkotlin/jvm/internal/DefaultConstructorMarker;)V
    ARETURN
   L154
    NOP
   L155
    LOCALVARIABLE e Ljava/lang/IllegalArgumentException; L88 L87 2
    LOCALVARIABLE $i$a$-let-SettingsRepository$loadSettings$1\1\129\0 I L96 L99 4
    LOCALVARIABLE it\1 J L95 L99 2
    LOCALVARIABLE e Ljava/lang/IllegalArgumentException; L107 L106 2
    LOCALVARIABLE e Ljava/lang/IllegalArgumentException; L150 L149 2
    LOCALVARIABLE this Lcom/hieltech/haramblur/data/SettingsRepository; L9 L155 0
    MAXSTACK = 140
    MAXLOCALS = 141

File is unknown
The root cause java.lang.OutOfMemoryError was thrown at: org.jetbrains.org.objectweb.asm.Type.getTypeInternal(Type.java:439)
	at org.jetbrains.kotlin.codegen.TransformationMethodVisitor.visitEnd(TransformationMethodVisitor.kt:89)
	at org.jetbrains.org.objectweb.asm.MethodVisitor.visitEnd(MethodVisitor.java:783)
	at org.jetbrains.org.objectweb.asm.tree.MethodNode.accept(MethodNode.java:772)
	at org.jetbrains.kotlin.backend.jvm.codegen.ClassCodegen.generateMethod(ClassCodegen.kt:453)
	at org.jetbrains.kotlin.backend.jvm.codegen.ClassCodegen.generate(ClassCodegen.kt:168)
	at org.jetbrains.kotlin.backend.jvm.FileCodegen.lower(JvmPhases.kt:39)
	at org.jetbrains.kotlin.backend.common.phaser.PhaseFactoriesKt.createFilePhase$lambda$4(PhaseFactories.kt:71)
	at org.jetbrains.kotlin.backend.common.phaser.PhaseBuildersKt$createSimpleNamedCompilerPhase$1.phaseBody(PhaseBuilders.kt:69)
	at org.jetbrains.kotlin.backend.common.phaser.SimpleNamedCompilerPhase.phaseBody(CompilerPhase.kt:226)
	at org.jetbrains.kotlin.backend.common.phaser.AbstractNamedCompilerPhase.invoke(CompilerPhase.kt:113)
	at org.jetbrains.kotlin.backend.common.phaser.PerformByIrFilePhase.invokeSequential(performByIrFile.kt:62)
	at org.jetbrains.kotlin.backend.common.phaser.PerformByIrFilePhase.invoke(performByIrFile.kt:52)
	at org.jetbrains.kotlin.backend.common.phaser.PerformByIrFilePhase.invoke(performByIrFile.kt:38)
	at org.jetbrains.kotlin.backend.common.phaser.NamedCompilerPhase.phaseBody(CompilerPhase.kt:166)
	at org.jetbrains.kotlin.backend.common.phaser.AbstractNamedCompilerPhase.invoke(CompilerPhase.kt:113)
	at org.jetbrains.kotlin.backend.common.phaser.CompositePhase.invoke(PhaseBuilders.kt:27)
	at org.jetbrains.kotlin.backend.common.phaser.CompositePhase.invoke(PhaseBuilders.kt:14)
	at org.jetbrains.kotlin.backend.common.phaser.NamedCompilerPhase.phaseBody(CompilerPhase.kt:166)
	at org.jetbrains.kotlin.backend.common.phaser.AbstractNamedCompilerPhase.invoke(CompilerPhase.kt:113)
	at org.jetbrains.kotlin.backend.common.phaser.CompilerPhaseKt.invokeToplevel(CompilerPhase.kt:62)
	at org.jetbrains.kotlin.backend.jvm.JvmIrCodegenFactory.invokeCodegen(JvmIrCodegenFactory.kt:371)
	at org.jetbrains.kotlin.codegen.CodegenFactory.generateModule(CodegenFactory.kt:47)
	at org.jetbrains.kotlin.backend.jvm.JvmIrCodegenFactory.generateModuleInFrontendIRMode(JvmIrCodegenFactory.kt:433)
	at org.jetbrains.kotlin.cli.jvm.compiler.pipeline.JvmCompilerPipelineKt.generateCodeFromIr(jvmCompilerPipeline.kt:246)
	at org.jetbrains.kotlin.cli.jvm.compiler.pipeline.JvmCompilerPipelineKt.compileModulesUsingFrontendIrAndLightTree(jvmCompilerPipeline.kt:142)
	at org.jetbrains.kotlin.cli.jvm.K2JVMCompiler.doExecute(K2JVMCompiler.kt:148)
	at org.jetbrains.kotlin.cli.jvm.K2JVMCompiler.doExecute(K2JVMCompiler.kt:43)
	at org.jetbrains.kotlin.cli.common.CLICompiler.execImpl(CLICompiler.kt:103)
	at org.jetbrains.kotlin.cli.common.CLICompiler.execImpl(CLICompiler.kt:49)
	at org.jetbrains.kotlin.cli.common.CLITool.exec(CLITool.kt:101)
	at org.jetbrains.kotlin.incremental.IncrementalJvmCompilerRunner.runCompiler(IncrementalJvmCompilerRunner.kt:464)
	at org.jetbrains.kotlin.incremental.IncrementalJvmCompilerRunner.runCompiler(IncrementalJvmCompilerRunner.kt:73)
	at org.jetbrains.kotlin.incremental.IncrementalCompilerRunner.doCompile(IncrementalCompilerRunner.kt:506)
	at org.jetbrains.kotlin.incremental.IncrementalCompilerRunner.compileImpl(IncrementalCompilerRunner.kt:423)
	at org.jetbrains.kotlin.incremental.IncrementalCompilerRunner.compileNonIncrementally(IncrementalCompilerRunner.kt:301)
	at org.jetbrains.kotlin.incremental.IncrementalCompilerRunner.compile(IncrementalCompilerRunner.kt:129)
	at org.jetbrains.kotlin.daemon.CompileServiceImplBase.execIncrementalCompiler(CompileServiceImpl.kt:675)
	at org.jetbrains.kotlin.daemon.CompileServiceImplBase.access$execIncrementalCompiler(CompileServiceImpl.kt:92)
	at org.jetbrains.kotlin.daemon.CompileServiceImpl.compile(CompileServiceImpl.kt:1660)
	at java.base/jdk.internal.reflect.NativeMethodAccessorImpl.invoke0(Native Method)
	at java.base/jdk.internal.reflect.NativeMethodAccessorImpl.invoke(NativeMethodAccessorImpl.java:77)
	at java.base/jdk.internal.reflect.DelegatingMethodAccessorImpl.invoke(DelegatingMethodAccessorImpl.java:43)
	at java.base/java.lang.reflect.Method.invoke(Method.java:569)
	at java.rmi/sun.rmi.server.UnicastServerRef.dispatch(UnicastServerRef.java:360)
	at java.rmi/sun.rmi.transport.Transport$1.run(Transport.java:200)
	at java.rmi/sun.rmi.transport.Transport$1.run(Transport.java:197)
	at java.base/java.security.AccessController.doPrivileged(AccessController.java:712)
	at java.rmi/sun.rmi.transport.Transport.serviceCall(Transport.java:196)
	at java.rmi/sun.rmi.transport.tcp.TCPTransport.handleMessages(TCPTransport.java:587)
	at java.rmi/sun.rmi.transport.tcp.TCPTransport$ConnectionHandler.run0(TCPTransport.java:828)
	at java.rmi/sun.rmi.transport.tcp.TCPTransport$ConnectionHandler.lambda$run$0(TCPTransport.java:705)
	at java.base/java.security.AccessController.doPrivileged(AccessController.java:399)
	at java.rmi/sun.rmi.transport.tcp.TCPTransport$ConnectionHandler.run(TCPTransport.java:704)
	at java.base/java.util.concurrent.ThreadPoolExecutor.runWorker(ThreadPoolExecutor.java:1136)
	at java.base/java.util.concurrent.ThreadPoolExecutor$Worker.run(ThreadPoolExecutor.java:635)
	at java.base/java.lang.Thread.run(Thread.java:840)
Caused by: java.lang.OutOfMemoryError: GC overhead limit exceeded
	at org.jetbrains.org.objectweb.asm.Type.getTypeInternal(Type.java:439)
	at org.jetbrains.org.objectweb.asm.Type.getArgumentTypes(Type.java:331)
	at org.jetbrains.org.objectweb.asm.tree.analysis.Frame.executeInvokeInsn(Frame.java:639)
	at org.jetbrains.org.objectweb.asm.tree.analysis.Frame.execute(Frame.java:573)
	at org.jetbrains.kotlin.codegen.coroutines.UninitializedStoresProcessor$UninitializedNewValueFrame.execute(processUninitializedStores.kt:137)
	at org.jetbrains.kotlin.codegen.optimization.common.FastAnalyzer.analyzeInstruction(FastAnalyzer.kt:111)
	at org.jetbrains.kotlin.codegen.optimization.common.FastAnalyzer.analyzeMainLoop(FastAnalyzer.kt:74)
	at org.jetbrains.kotlin.codegen.optimization.common.FastAnalyzer.analyze(FastAnalyzer.kt:53)
	at org.jetbrains.kotlin.codegen.coroutines.UninitializedStoresProcessor.run(processUninitializedStores.kt:92)
	at org.jetbrains.kotlin.codegen.optimization.OptimizationMethodVisitor.performTransformations(OptimizationMethodVisitor.kt:71)
	at org.jetbrains.kotlin.codegen.TransformationMethodVisitor.visitEnd(TransformationMethodVisitor.kt:67)
	at org.jetbrains.org.objectweb.asm.MethodVisitor.visitEnd(MethodVisitor.java:783)
	at org.jetbrains.org.objectweb.asm.tree.MethodNode.accept(MethodNode.java:772)
	at org.jetbrains.kotlin.backend.jvm.codegen.ClassCodegen.generateMethod(ClassCodegen.kt:453)
	at org.jetbrains.kotlin.backend.jvm.codegen.ClassCodegen.generate(ClassCodegen.kt:168)
	at org.jetbrains.kotlin.backend.jvm.FileCodegen.lower(JvmPhases.kt:39)
	at org.jetbrains.kotlin.backend.common.phaser.PhaseFactoriesKt.createFilePhase$lambda$4(PhaseFactories.kt:71)
	at org.jetbrains.kotlin.backend.common.phaser.PhaseFactoriesKt$$Lambda$165/0x0000774096123720.invoke(Unknown Source)
	at org.jetbrains.kotlin.backend.common.phaser.PhaseBuildersKt$createSimpleNamedCompilerPhase$1.phaseBody(PhaseBuilders.kt:69)
	at org.jetbrains.kotlin.backend.common.phaser.SimpleNamedCompilerPhase.phaseBody(CompilerPhase.kt:226)
	at org.jetbrains.kotlin.backend.common.phaser.AbstractNamedCompilerPhase.invoke(CompilerPhase.kt:113)
	at org.jetbrains.kotlin.backend.common.phaser.PerformByIrFilePhase.invokeSequential(performByIrFile.kt:62)
	at org.jetbrains.kotlin.backend.common.phaser.PerformByIrFilePhase.invoke(performByIrFile.kt:52)
	at org.jetbrains.kotlin.backend.common.phaser.PerformByIrFilePhase.invoke(performByIrFile.kt:38)
	at org.jetbrains.kotlin.backend.common.phaser.NamedCompilerPhase.phaseBody(CompilerPhase.kt:166)
	at org.jetbrains.kotlin.backend.common.phaser.AbstractNamedCompilerPhase.invoke(CompilerPhase.kt:113)
	at org.jetbrains.kotlin.backend.common.phaser.CompositePhase.invoke(PhaseBuilders.kt:27)
	at org.jetbrains.kotlin.backend.common.phaser.CompositePhase.invoke(PhaseBuilders.kt:14)
	at org.jetbrains.kotlin.backend.common.phaser.NamedCompilerPhase.phaseBody(CompilerPhase.kt:166)
	at org.jetbrains.kotlin.backend.common.phaser.AbstractNamedCompilerPhase.invoke(CompilerPhase.kt:113)
	at org.jetbrains.kotlin.backend.common.phaser.CompilerPhaseKt.invokeToplevel(CompilerPhase.kt:62)
	at org.jetbrains.kotlin.backend.jvm.JvmIrCodegenFactory.invokeCodegen(JvmIrCodegenFactory.kt:371)


