kotlin version: 2.0.21
error message: java.lang.OutOfMemoryError: GC overhead limit exceeded
	at org.jetbrains.kotlin.com.intellij.lang.impl.TokenSequence$Builder.<init>(TokenSequence.java:96)
	at org.jetbrains.kotlin.com.intellij.lang.impl.TokenSequence.performLexing(TokenSequence.java:54)
	at org.jetbrains.kotlin.com.intellij.lang.impl.PsiBuilderImpl.performLexing(PsiBuilderImpl.java:197)
	at org.jetbrains.kotlin.com.intellij.lang.impl.PsiBuilderImpl.<init>(PsiBuilderImpl.java:167)
	at org.jetbrains.kotlin.com.intellij.lang.impl.PsiBuilderImpl.<init>(PsiBuilderImpl.java:121)
	at org.jetbrains.kotlin.com.intellij.lang.impl.PsiBuilderFactoryImpl.createBuilder(PsiBuilderFactoryImpl.java:31)
	at org.jetbrains.kotlin.kdoc.lexer.KDocTokens$1.parseContents(KDocTokens.java:39)
	at org.jetbrains.kotlin.com.intellij.psi.impl.source.tree.LazyParseableElement.lambda$ensureParsed$2(LazyParseableElement.java:183)
	at org.jetbrains.kotlin.com.intellij.psi.impl.source.tree.LazyParseableElement$$Lambda$534/0x00007740964bd4d8.run(Unknown Source)
	at org.jetbrains.kotlin.com.intellij.psi.impl.DebugUtil.performPsiModification(DebugUtil.java:535)
	at org.jetbrains.kotlin.com.intellij.psi.impl.source.tree.LazyParseableElement.ensureParsed(LazyParseableElement.java:182)
	at org.jetbrains.kotlin.com.intellij.psi.impl.source.tree.LazyParseableElement.getFirstChildNode(LazyParseableElement.java:234)
	at org.jetbrains.kotlin.com.intellij.psi.impl.source.tree.LazyParseablePsiElement.getFirstChild(LazyParseablePsiElement.java:82)
	at org.jetbrains.kotlin.com.intellij.psi.impl.source.tree.LazyParseablePsiElement.acceptChildren(LazyParseablePsiElement.java:96)
	at org.jetbrains.kotlin.psi.KtTreeVisitorVoid.visitElement(KtTreeVisitorVoid.java:25)
	at org.jetbrains.kotlin.com.intellij.psi.impl.source.tree.LazyParseablePsiElement.accept(LazyParseablePsiElement.java:235)
	at org.jetbrains.kotlin.com.intellij.psi.impl.PsiElementBase.acceptChildren(PsiElementBase.java:59)
	at org.jetbrains.kotlin.psi.KtTreeVisitorVoid.visitElement(KtTreeVisitorVoid.java:25)
	at org.jetbrains.kotlin.psi.KtVisitor.visitKtElement(KtVisitor.java:24)
	at org.jetbrains.kotlin.psi.KtVisitorVoid.visitKtElement(KtVisitorVoid.java:25)
	at org.jetbrains.kotlin.psi.KtVisitorVoid.visitKtElement(KtVisitorVoid.java:455)
	at org.jetbrains.kotlin.psi.KtVisitorVoid.visitKtElement(KtVisitorVoid.java:21)
	at org.jetbrains.kotlin.psi.KtVisitor.visitExpression(KtVisitor.java:196)
	at org.jetbrains.kotlin.psi.KtVisitorVoid.visitExpression(KtVisitorVoid.java:173)
	at org.jetbrains.kotlin.psi.KtVisitorVoid.visitExpression(KtVisitorVoid.java:667)
	at org.jetbrains.kotlin.psi.KtVisitorVoid.visitExpression(KtVisitorVoid.java:21)
	at org.jetbrains.kotlin.psi.KtVisitor.visitDeclaration(KtVisitor.java:29)
	at org.jetbrains.kotlin.psi.KtVisitorVoid.visitDeclaration(KtVisitorVoid.java:29)
	at org.jetbrains.kotlin.psi.KtVisitorVoid.visitDeclaration(KtVisitorVoid.java:461)
	at org.jetbrains.kotlin.psi.KtVisitorVoid.visitDeclaration(KtVisitorVoid.java:21)
	at org.jetbrains.kotlin.psi.KtVisitor.visitNamedDeclaration(KtVisitor.java:416)
	at org.jetbrains.kotlin.psi.KtVisitorVoid.visitNamedDeclaration(KtVisitorVoid.java:385)


